2026-02-19 01:59:13,976 INFO server listening on [::1]:8765
2026-02-19 01:59:13,977 INFO server listening on 127.0.0.1:8765
2026-02-19 01:59:40,977 INFO connection open
2026-02-19 01:59:40,978 INFO Client connected: 4477164176
2026-02-19 01:59:45,009 INFO connection open
2026-02-19 01:59:45,009 INFO Client connected: 4471289040
2026-02-19 01:59:59,933 INFO Message received from client 4477164176: {"text": "hi"}
2026-02-19 01:59:59,934 INFO Sent placeholder audio to client 4477164176
2026-02-19 02:00:22,137 INFO Message received from client 4471289040: {"text": "hello"}
2026-02-19 02:00:22,138 INFO Sent placeholder audio to client 4471289040
2026-02-19 02:00:25,859 INFO Message received from client 4471289040: {"text": "this is new client"}
2026-02-19 02:00:25,860 INFO Sent placeholder audio to client 4471289040
2026-02-19 02:00:30,984 INFO Client disconnected: 4477164176
2026-02-19 02:00:43,794 INFO Message received from client 4471289040: {"text": "hello"}
2026-02-19 02:00:43,795 INFO Sent placeholder audio to client 4471289040
2026-02-19 02:00:47,429 INFO Message received from client 4471289040: {"text": "are you there"}
2026-02-19 02:00:47,430 INFO Sent placeholder audio to client 4471289040
2026-02-19 02:00:49,330 INFO Message received from client 4471289040: {"text": "hello"}
2026-02-19 02:00:49,330 INFO Sent placeholder audio to client 4471289040
2026-02-19 02:00:50,456 INFO Message received from client 4471289040: {"text": "this"}
2026-02-19 02:00:50,456 WARNING Rate limit exceeded for client: 4471289040
2026-02-19 02:00:54,299 INFO connection open
2026-02-19 02:00:54,299 INFO Client connected: 4477272144
2026-02-19 02:01:03,809 INFO Message received from client 4477272144: {"text": "hi"}
2026-02-19 02:01:03,809 INFO Sent placeholder audio to client 4477272144
2026-02-19 02:01:09,814 INFO Message received from client 4471289040: {"text": "hi"}
2026-02-19 02:01:09,815 WARNING Rate limit exceeded for client: 4471289040
2026-02-19 02:01:21,440 INFO Message received from client 4477272144: {"text": "why did i reconnect"}
2026-02-19 02:01:21,442 INFO Sent placeholder audio to client 4477272144
2026-02-19 02:01:23,763 INFO Message received from client 4477272144: {"text": "this is not right"}
2026-02-19 02:01:23,763 INFO Sent placeholder audio to client 4477272144
2026-02-19 02:01:24,744 INFO Message received from client 4477272144: {"text": "hmm"}
2026-02-19 02:01:24,745 INFO Sent placeholder audio to client 4477272144
2026-02-19 02:01:26,384 INFO Message received from client 4477272144: {"text": "have to check"}
2026-02-19 02:01:26,384 INFO Sent placeholder audio to client 4477272144
2026-02-19 02:01:28,267 INFO Message received from client 4477272144: {"text": "hello"}
2026-02-19 02:01:28,268 WARNING Rate limit exceeded for client: 4477272144
2026-02-19 02:01:34,718 INFO Message received from client 4477272144: {"text": "hi"}
2026-02-19 02:01:34,719 WARNING Rate limit exceeded for client: 4477272144
2026-02-19 02:01:37,766 INFO Message received from client 4471289040: {"text": "hi"}
2026-02-19 02:01:37,767 INFO Sent placeholder audio to client 4471289040
2026-02-19 02:01:37,768 INFO Client disconnected: 4471289040
2026-02-19 02:01:37,775 INFO connection open
2026-02-19 02:01:37,775 INFO Client connected: 4477274704
2026-02-19 02:01:40,282 INFO Message received from client 4477274704: {"text": "hi"}
2026-02-19 02:01:40,282 INFO Sent placeholder audio to client 4477274704
2026-02-19 02:02:24,307 INFO Client disconnected: 4477272144
2026-02-19 02:02:27,792 INFO Client disconnected: 4477274704
2026-02-19 02:04:27,625 INFO server closing
2026-02-19 02:04:27,626 INFO server closed
2026-02-19 02:10:03,912 INFO server listening on [::1]:8765
2026-02-19 02:10:03,913 INFO server listening on 127.0.0.1:8765
2026-02-19 02:10:09,641 INFO connection open
2026-02-19 02:10:09,641 INFO Client connected: 4398996112
2026-02-19 02:10:12,333 INFO connection open
2026-02-19 02:10:12,333 INFO Client connected: 4393415888
2026-02-19 02:10:14,213 INFO Message received from client 4393415888: {"text": "hi"}
2026-02-19 02:10:14,213 INFO Sent placeholder audio to client 4393415888
2026-02-19 02:10:17,808 INFO Message received from client 4398996112: {"text": "hi"}
2026-02-19 02:10:17,809 INFO Sent placeholder audio to client 4398996112
2026-02-19 02:10:21,525 INFO Message received from client 4398996112: {"text": "hi"}
2026-02-19 02:10:21,525 INFO Sent placeholder audio to client 4398996112
2026-02-19 02:10:22,890 INFO Message received from client 4398996112: {"text": "hi"}
2026-02-19 02:10:22,890 INFO Sent placeholder audio to client 4398996112
2026-02-19 02:10:23,903 INFO Message received from client 4398996112: {"text": "hi"}
2026-02-19 02:10:23,904 INFO Sent placeholder audio to client 4398996112
2026-02-19 02:10:24,696 INFO Message received from client 4398996112: {"text": "hi"}
2026-02-19 02:10:24,696 INFO Sent placeholder audio to client 4398996112
2026-02-19 02:10:25,528 INFO Message received from client 4398996112: {"text": "hi"}
2026-02-19 02:10:25,528 WARNING Rate limit exceeded for client: 4398996112
2026-02-19 02:10:26,585 INFO Message received from client 4398996112: {"text": "hi"}
2026-02-19 02:10:26,585 WARNING Rate limit exceeded for client: 4398996112
2026-02-19 02:10:27,516 INFO Message received from client 4398996112: {"text": "hi"}
2026-02-19 02:10:27,516 WARNING Rate limit exceeded for client: 4398996112
2026-02-19 02:10:30,617 INFO Message received from client 4393415888: {"text": "hi"}
2026-02-19 02:10:30,619 INFO Sent placeholder audio to client 4393415888
2026-02-19 02:10:31,927 INFO Message received from client 4393415888: {"text": "hi"}
2026-02-19 02:10:31,928 INFO Sent placeholder audio to client 4393415888
2026-02-19 02:10:32,716 INFO Message received from client 4393415888: {"text": "hi"}
2026-02-19 02:10:32,717 INFO Sent placeholder audio to client 4393415888
2026-02-19 02:10:35,355 INFO Message received from client 4393415888: {"text": "hi"}
2026-02-19 02:10:35,356 INFO Sent placeholder audio to client 4393415888
2026-02-19 02:10:36,016 INFO Message received from client 4393415888: {"text": "hi"}
2026-02-19 02:10:36,016 WARNING Rate limit exceeded for client: 4393415888
2026-02-19 02:10:36,790 INFO Message received from client 4393415888: {"text": "hi"}
2026-02-19 02:10:36,790 WARNING Rate limit exceeded for client: 4393415888
2026-02-19 02:10:52,376 INFO Client disconnected: 4398996112
2026-02-19 02:10:52,381 INFO connection open
2026-02-19 02:10:52,381 INFO Client connected: 4399104400
2026-02-19 02:10:58,287 INFO Message received from client 4399104400: {"text": "hi"}
2026-02-19 02:10:58,287 INFO Sent placeholder audio to client 4399104400
2026-02-19 02:11:18,085 INFO Client disconnected: 4393415888
2026-02-19 02:11:21,675 INFO server closing
2026-02-19 02:11:21,676 INFO server closed
2026-02-19 02:18:50,108 INFO server listening on [::1]:8765
2026-02-19 02:18:50,109 INFO server listening on 127.0.0.1:8765
2026-02-19 02:18:53,752 INFO connection open
2026-02-19 02:19:03,458 INFO connection open
2026-02-19 02:19:24,802 INFO Message received from client d040ca22-89d3-449f-9031-c0e89bf343a1: {"client_id": "d040ca22-89d3-449f-9031-c0e89bf343a1", "text": "hi"}
2026-02-19 02:19:24,803 INFO Sent placeholder audio to client d040ca22-89d3-449f-9031-c0e89bf343a1
2026-02-19 02:19:27,270 INFO Message received from client d040ca22-89d3-449f-9031-c0e89bf343a1: {"client_id": "d040ca22-89d3-449f-9031-c0e89bf343a1", "text": "hi"}
2026-02-19 02:19:27,270 INFO Sent placeholder audio to client d040ca22-89d3-449f-9031-c0e89bf343a1
2026-02-19 02:19:27,948 INFO Message received from client d040ca22-89d3-449f-9031-c0e89bf343a1: {"client_id": "d040ca22-89d3-449f-9031-c0e89bf343a1", "text": "hi"}
2026-02-19 02:19:27,949 INFO Sent placeholder audio to client d040ca22-89d3-449f-9031-c0e89bf343a1
2026-02-19 02:19:28,567 INFO Message received from client d040ca22-89d3-449f-9031-c0e89bf343a1: {"client_id": "d040ca22-89d3-449f-9031-c0e89bf343a1", "text": "hi"}
2026-02-19 02:19:28,568 INFO Sent placeholder audio to client d040ca22-89d3-449f-9031-c0e89bf343a1
2026-02-19 02:19:29,176 INFO Message received from client d040ca22-89d3-449f-9031-c0e89bf343a1: {"client_id": "d040ca22-89d3-449f-9031-c0e89bf343a1", "text": "hi"}
2026-02-19 02:19:29,177 INFO Sent placeholder audio to client d040ca22-89d3-449f-9031-c0e89bf343a1
2026-02-19 02:19:29,803 INFO Message received from client d040ca22-89d3-449f-9031-c0e89bf343a1: {"client_id": "d040ca22-89d3-449f-9031-c0e89bf343a1", "text": "hi"}
2026-02-19 02:19:29,803 WARNING Rate limit exceeded for client: d040ca22-89d3-449f-9031-c0e89bf343a1
2026-02-19 02:19:30,871 INFO Message received from client d040ca22-89d3-449f-9031-c0e89bf343a1: {"client_id": "d040ca22-89d3-449f-9031-c0e89bf343a1", "text": "hi"}
2026-02-19 02:19:30,871 WARNING Rate limit exceeded for client: d040ca22-89d3-449f-9031-c0e89bf343a1
2026-02-19 02:19:33,696 INFO Message received from client 52bbacd7-b727-4147-a708-c3a7d88f883e: {"client_id": "52bbacd7-b727-4147-a708-c3a7d88f883e", "text": "hi"}
2026-02-19 02:19:33,696 INFO Sent placeholder audio to client 52bbacd7-b727-4147-a708-c3a7d88f883e
2026-02-19 02:19:34,140 INFO Message received from client 52bbacd7-b727-4147-a708-c3a7d88f883e: {"client_id": "52bbacd7-b727-4147-a708-c3a7d88f883e", "text": "hi"}
2026-02-19 02:19:34,140 INFO Sent placeholder audio to client 52bbacd7-b727-4147-a708-c3a7d88f883e
2026-02-19 02:19:34,635 INFO Message received from client 52bbacd7-b727-4147-a708-c3a7d88f883e: {"client_id": "52bbacd7-b727-4147-a708-c3a7d88f883e", "text": "hi"}
2026-02-19 02:19:34,636 INFO Sent placeholder audio to client 52bbacd7-b727-4147-a708-c3a7d88f883e
2026-02-19 02:19:35,116 INFO Message received from client 52bbacd7-b727-4147-a708-c3a7d88f883e: {"client_id": "52bbacd7-b727-4147-a708-c3a7d88f883e", "text": "hi"}
2026-02-19 02:19:35,117 INFO Sent placeholder audio to client 52bbacd7-b727-4147-a708-c3a7d88f883e
2026-02-19 02:19:35,637 INFO Message received from client 52bbacd7-b727-4147-a708-c3a7d88f883e: {"client_id": "52bbacd7-b727-4147-a708-c3a7d88f883e", "text": "hi"}
2026-02-19 02:19:35,637 INFO Sent placeholder audio to client 52bbacd7-b727-4147-a708-c3a7d88f883e
2026-02-19 02:19:36,129 INFO Message received from client 52bbacd7-b727-4147-a708-c3a7d88f883e: {"client_id": "52bbacd7-b727-4147-a708-c3a7d88f883e", "text": "hi"}
2026-02-19 02:19:36,130 WARNING Rate limit exceeded for client: 52bbacd7-b727-4147-a708-c3a7d88f883e
2026-02-19 02:19:36,757 INFO Message received from client 52bbacd7-b727-4147-a708-c3a7d88f883e: {"client_id": "52bbacd7-b727-4147-a708-c3a7d88f883e", "text": "hi"}
2026-02-19 02:19:36,757 WARNING Rate limit exceeded for client: 52bbacd7-b727-4147-a708-c3a7d88f883e
2026-02-19 02:19:40,059 INFO Message received from client d040ca22-89d3-449f-9031-c0e89bf343a1: {"client_id": "d040ca22-89d3-449f-9031-c0e89bf343a1", "text": "hi"}
2026-02-19 02:19:40,059 WARNING Rate limit exceeded for client: d040ca22-89d3-449f-9031-c0e89bf343a1
2026-02-19 02:19:41,052 INFO Message received from client d040ca22-89d3-449f-9031-c0e89bf343a1: {"client_id": "d040ca22-89d3-449f-9031-c0e89bf343a1", "text": "hi"}
2026-02-19 02:19:41,053 WARNING Rate limit exceeded for client: d040ca22-89d3-449f-9031-c0e89bf343a1
2026-02-19 02:19:47,000 INFO Message received from client 52bbacd7-b727-4147-a708-c3a7d88f883e: {"client_id": "52bbacd7-b727-4147-a708-c3a7d88f883e", "text": "hi"}
2026-02-19 02:19:47,001 WARNING Rate limit exceeded for client: 52bbacd7-b727-4147-a708-c3a7d88f883e
2026-02-19 02:19:47,757 INFO Message received from client 52bbacd7-b727-4147-a708-c3a7d88f883e: {"client_id": "52bbacd7-b727-4147-a708-c3a7d88f883e", "text": "hi"}
2026-02-19 02:19:47,757 WARNING Rate limit exceeded for client: 52bbacd7-b727-4147-a708-c3a7d88f883e
2026-02-19 02:20:23,762 INFO Client disconnected: d040ca22-89d3-449f-9031-c0e89bf343a1
2026-02-19 02:20:33,467 INFO Client disconnected: 52bbacd7-b727-4147-a708-c3a7d88f883e
2026-02-19 02:22:09,488 INFO connection open
2026-02-19 02:22:37,523 INFO Message received from client d040ca22-89d3-449f-9031-c0e89bf343a1: {"client_id": "d040ca22-89d3-449f-9031-c0e89bf343a1", "text": "hi"}
2026-02-19 02:22:37,523 INFO Sent placeholder audio to client d040ca22-89d3-449f-9031-c0e89bf343a1
2026-02-19 02:22:51,016 INFO connection open
2026-02-19 02:22:51,985 INFO Message received from client 52bbacd7-b727-4147-a708-c3a7d88f883e: {"client_id": "52bbacd7-b727-4147-a708-c3a7d88f883e", "text": "hi"}
2026-02-19 02:22:51,986 INFO Sent placeholder audio to client 52bbacd7-b727-4147-a708-c3a7d88f883e
2026-02-19 02:22:52,771 INFO Message received from client 52bbacd7-b727-4147-a708-c3a7d88f883e: {"client_id": "52bbacd7-b727-4147-a708-c3a7d88f883e", "text": "hi"}
2026-02-19 02:22:52,771 INFO Sent placeholder audio to client 52bbacd7-b727-4147-a708-c3a7d88f883e
2026-02-19 02:22:53,589 INFO Message received from client 52bbacd7-b727-4147-a708-c3a7d88f883e: {"client_id": "52bbacd7-b727-4147-a708-c3a7d88f883e", "text": "hi"}
2026-02-19 02:22:53,590 INFO Sent placeholder audio to client 52bbacd7-b727-4147-a708-c3a7d88f883e
2026-02-19 02:22:54,244 INFO Message received from client 52bbacd7-b727-4147-a708-c3a7d88f883e: {"client_id": "52bbacd7-b727-4147-a708-c3a7d88f883e", "text": "hi"}
2026-02-19 02:22:54,244 INFO Sent placeholder audio to client 52bbacd7-b727-4147-a708-c3a7d88f883e
2026-02-19 02:22:54,867 INFO Message received from client 52bbacd7-b727-4147-a708-c3a7d88f883e: {"client_id": "52bbacd7-b727-4147-a708-c3a7d88f883e", "text": "hi"}
2026-02-19 02:22:54,867 INFO Sent placeholder audio to client 52bbacd7-b727-4147-a708-c3a7d88f883e
2026-02-19 02:22:55,438 INFO Message received from client 52bbacd7-b727-4147-a708-c3a7d88f883e: {"client_id": "52bbacd7-b727-4147-a708-c3a7d88f883e", "text": "hi"}
2026-02-19 02:22:55,438 WARNING Rate limit exceeded for client: 52bbacd7-b727-4147-a708-c3a7d88f883e
2026-02-19 02:22:56,012 INFO Message received from client 52bbacd7-b727-4147-a708-c3a7d88f883e: {"client_id": "52bbacd7-b727-4147-a708-c3a7d88f883e", "text": "hi"}
2026-02-19 02:22:56,012 WARNING Rate limit exceeded for client: 52bbacd7-b727-4147-a708-c3a7d88f883e
2026-02-19 02:22:59,335 INFO Message received from client d040ca22-89d3-449f-9031-c0e89bf343a1: {"client_id": "d040ca22-89d3-449f-9031-c0e89bf343a1", "text": "hi"}
2026-02-19 02:22:59,335 INFO Sent placeholder audio to client d040ca22-89d3-449f-9031-c0e89bf343a1
2026-02-19 02:23:00,806 INFO Message received from client d040ca22-89d3-449f-9031-c0e89bf343a1: {"client_id": "d040ca22-89d3-449f-9031-c0e89bf343a1", "text": "hi"}
2026-02-19 02:23:00,807 INFO Sent placeholder audio to client d040ca22-89d3-449f-9031-c0e89bf343a1
2026-02-19 02:23:01,433 INFO Message received from client d040ca22-89d3-449f-9031-c0e89bf343a1: {"client_id": "d040ca22-89d3-449f-9031-c0e89bf343a1", "text": "hi"}
2026-02-19 02:23:01,433 INFO Sent placeholder audio to client d040ca22-89d3-449f-9031-c0e89bf343a1
2026-02-19 02:23:01,981 INFO Message received from client d040ca22-89d3-449f-9031-c0e89bf343a1: {"client_id": "d040ca22-89d3-449f-9031-c0e89bf343a1", "text": "hi"}
2026-02-19 02:23:01,981 INFO Sent placeholder audio to client d040ca22-89d3-449f-9031-c0e89bf343a1
2026-02-19 02:23:02,512 INFO Message received from client d040ca22-89d3-449f-9031-c0e89bf343a1: {"client_id": "d040ca22-89d3-449f-9031-c0e89bf343a1", "text": "hi"}
2026-02-19 02:23:02,513 WARNING Rate limit exceeded for client: d040ca22-89d3-449f-9031-c0e89bf343a1
2026-02-19 02:23:03,081 INFO Message received from client d040ca22-89d3-449f-9031-c0e89bf343a1: {"client_id": "d040ca22-89d3-449f-9031-c0e89bf343a1", "text": "hi"}
2026-02-19 02:23:03,081 WARNING Rate limit exceeded for client: d040ca22-89d3-449f-9031-c0e89bf343a1
2026-02-19 02:23:39,508 INFO Client disconnected: d040ca22-89d3-449f-9031-c0e89bf343a1
2026-02-19 02:23:41,020 INFO Client disconnected: 52bbacd7-b727-4147-a708-c3a7d88f883e
2026-02-19 02:25:46,735 INFO server closing
2026-02-19 02:25:46,736 INFO server closed
2026-02-19 02:25:48,646 INFO server listening on [::1]:8765
2026-02-19 02:25:48,646 INFO server listening on 127.0.0.1:8765
2026-02-19 02:25:51,665 INFO connection open
2026-02-19 02:25:55,045 INFO connection open
2026-02-19 02:25:57,708 INFO Message received from client b0825dff-5958-4530-9bc9-0ce4f8763b75: {"client_id": "b0825dff-5958-4530-9bc9-0ce4f8763b75", "text": "hi"}
2026-02-19 02:25:57,708 INFO Sent placeholder audio to client b0825dff-5958-4530-9bc9-0ce4f8763b75
2026-02-19 02:25:58,110 INFO Message received from client b0825dff-5958-4530-9bc9-0ce4f8763b75: {"client_id": "b0825dff-5958-4530-9bc9-0ce4f8763b75", "text": "hi"}
2026-02-19 02:25:58,110 INFO Sent placeholder audio to client b0825dff-5958-4530-9bc9-0ce4f8763b75
2026-02-19 02:25:58,655 INFO Message received from client b0825dff-5958-4530-9bc9-0ce4f8763b75: {"client_id": "b0825dff-5958-4530-9bc9-0ce4f8763b75", "text": "hi"}
2026-02-19 02:25:58,656 INFO Sent placeholder audio to client b0825dff-5958-4530-9bc9-0ce4f8763b75
2026-02-19 02:25:59,116 INFO Message received from client b0825dff-5958-4530-9bc9-0ce4f8763b75: {"client_id": "b0825dff-5958-4530-9bc9-0ce4f8763b75", "text": "hi"}
2026-02-19 02:25:59,116 INFO Sent placeholder audio to client b0825dff-5958-4530-9bc9-0ce4f8763b75
2026-02-19 02:25:59,516 INFO Message received from client b0825dff-5958-4530-9bc9-0ce4f8763b75: {"client_id": "b0825dff-5958-4530-9bc9-0ce4f8763b75", "text": "hi"}
2026-02-19 02:25:59,516 INFO Sent placeholder audio to client b0825dff-5958-4530-9bc9-0ce4f8763b75
2026-02-19 02:25:59,917 INFO Message received from client b0825dff-5958-4530-9bc9-0ce4f8763b75: {"client_id": "b0825dff-5958-4530-9bc9-0ce4f8763b75", "text": "hi"}
2026-02-19 02:25:59,917 WARNING Rate limit exceeded for client: b0825dff-5958-4530-9bc9-0ce4f8763b75
2026-02-19 02:26:00,325 INFO Message received from client b0825dff-5958-4530-9bc9-0ce4f8763b75: {"client_id": "b0825dff-5958-4530-9bc9-0ce4f8763b75", "text": "hi"}
2026-02-19 02:26:00,325 WARNING Rate limit exceeded for client: b0825dff-5958-4530-9bc9-0ce4f8763b75
2026-02-19 02:26:00,867 INFO Message received from client b0825dff-5958-4530-9bc9-0ce4f8763b75: {"client_id": "b0825dff-5958-4530-9bc9-0ce4f8763b75", "text": "h"}
2026-02-19 02:26:00,867 WARNING Rate limit exceeded for client: b0825dff-5958-4530-9bc9-0ce4f8763b75
2026-02-19 02:26:04,013 INFO Message received from client f270db96-9c55-4395-af2d-77e006b79fb1: {"client_id": "f270db96-9c55-4395-af2d-77e006b79fb1", "text": "h"}
2026-02-19 02:26:04,013 INFO Sent placeholder audio to client f270db96-9c55-4395-af2d-77e006b79fb1
2026-02-19 02:26:04,346 INFO Message received from client f270db96-9c55-4395-af2d-77e006b79fb1: {"client_id": "f270db96-9c55-4395-af2d-77e006b79fb1", "text": "h"}
2026-02-19 02:26:04,346 INFO Sent placeholder audio to client f270db96-9c55-4395-af2d-77e006b79fb1
2026-02-19 02:26:04,638 INFO Message received from client f270db96-9c55-4395-af2d-77e006b79fb1: {"client_id": "f270db96-9c55-4395-af2d-77e006b79fb1", "text": "h"}
2026-02-19 02:26:04,638 INFO Sent placeholder audio to client f270db96-9c55-4395-af2d-77e006b79fb1
2026-02-19 02:26:04,870 INFO Message received from client f270db96-9c55-4395-af2d-77e006b79fb1: {"client_id": "f270db96-9c55-4395-af2d-77e006b79fb1", "text": "h"}
2026-02-19 02:26:04,871 INFO Sent placeholder audio to client f270db96-9c55-4395-af2d-77e006b79fb1
2026-02-19 02:26:05,091 INFO Message received from client f270db96-9c55-4395-af2d-77e006b79fb1: {"client_id": "f270db96-9c55-4395-af2d-77e006b79fb1", "text": "h"}
2026-02-19 02:26:05,091 INFO Sent placeholder audio to client f270db96-9c55-4395-af2d-77e006b79fb1
2026-02-19 02:26:05,275 INFO Message received from client f270db96-9c55-4395-af2d-77e006b79fb1: {"client_id": "f270db96-9c55-4395-af2d-77e006b79fb1", "text": "h"}
2026-02-19 02:26:05,276 WARNING Rate limit exceeded for client: f270db96-9c55-4395-af2d-77e006b79fb1
2026-02-19 02:26:05,472 INFO Message received from client f270db96-9c55-4395-af2d-77e006b79fb1: {"client_id": "f270db96-9c55-4395-af2d-77e006b79fb1", "text": "h"}
2026-02-19 02:26:05,472 WARNING Rate limit exceeded for client: f270db96-9c55-4395-af2d-77e006b79fb1
2026-02-19 02:26:41,671 INFO Client disconnected: b0825dff-5958-4530-9bc9-0ce4f8763b75
2026-02-19 02:26:45,051 INFO Client disconnected: f270db96-9c55-4395-af2d-77e006b79fb1
2026-02-19 02:29:57,495 INFO server closing
2026-02-19 02:29:57,497 INFO server closed
2026-02-19 02:30:11,555 INFO server listening on [::1]:8765
2026-02-19 02:30:11,555 INFO server listening on 127.0.0.1:8765
2026-02-19 02:30:13,117 INFO connection open
2026-02-19 02:30:14,339 INFO connection open
2026-02-19 02:30:19,274 INFO Message received from client 818e3504-0219-46f7-8948-5617db4a1314: {"client_id": "818e3504-0219-46f7-8948-5617db4a1314", "text": "hi"}
2026-02-19 02:30:19,274 INFO Sent placeholder audio to client 818e3504-0219-46f7-8948-5617db4a1314
2026-02-19 02:30:19,727 INFO Message received from client 818e3504-0219-46f7-8948-5617db4a1314: {"client_id": "818e3504-0219-46f7-8948-5617db4a1314", "text": "hi"}
2026-02-19 02:30:19,727 INFO Sent placeholder audio to client 818e3504-0219-46f7-8948-5617db4a1314
2026-02-19 02:30:20,113 INFO Message received from client 818e3504-0219-46f7-8948-5617db4a1314: {"client_id": "818e3504-0219-46f7-8948-5617db4a1314", "text": "hi"}
2026-02-19 02:30:20,113 INFO Sent placeholder audio to client 818e3504-0219-46f7-8948-5617db4a1314
2026-02-19 02:30:20,500 INFO Message received from client 818e3504-0219-46f7-8948-5617db4a1314: {"client_id": "818e3504-0219-46f7-8948-5617db4a1314", "text": "hi"}
2026-02-19 02:30:20,500 INFO Sent placeholder audio to client 818e3504-0219-46f7-8948-5617db4a1314
2026-02-19 02:30:20,818 INFO Message received from client 818e3504-0219-46f7-8948-5617db4a1314: {"client_id": "818e3504-0219-46f7-8948-5617db4a1314", "text": "hi"}
2026-02-19 02:30:20,818 INFO Sent placeholder audio to client 818e3504-0219-46f7-8948-5617db4a1314
2026-02-19 02:30:21,128 INFO Message received from client 818e3504-0219-46f7-8948-5617db4a1314: {"client_id": "818e3504-0219-46f7-8948-5617db4a1314", "text": "hi"}
2026-02-19 02:30:21,128 WARNING Rate limit exceeded for client: 818e3504-0219-46f7-8948-5617db4a1314
2026-02-19 02:30:21,407 INFO Message received from client 818e3504-0219-46f7-8948-5617db4a1314: {"client_id": "818e3504-0219-46f7-8948-5617db4a1314", "text": "hi"}
2026-02-19 02:30:21,407 WARNING Rate limit exceeded for client: 818e3504-0219-46f7-8948-5617db4a1314
2026-02-19 02:30:21,689 INFO Message received from client 818e3504-0219-46f7-8948-5617db4a1314: {"client_id": "818e3504-0219-46f7-8948-5617db4a1314", "text": "hi"}
2026-02-19 02:30:21,689 WARNING Rate limit exceeded for client: 818e3504-0219-46f7-8948-5617db4a1314
2026-02-19 02:30:30,241 INFO Message received from client 5cb75124-0fc2-479f-aab8-17fc06a375b0: {"client_id": "5cb75124-0fc2-479f-aab8-17fc06a375b0", "text": "hi"}
2026-02-19 02:30:30,241 INFO Sent placeholder audio to client 5cb75124-0fc2-479f-aab8-17fc06a375b0
2026-02-19 02:30:30,828 INFO Message received from client 5cb75124-0fc2-479f-aab8-17fc06a375b0: {"client_id": "5cb75124-0fc2-479f-aab8-17fc06a375b0", "text": "h"}
2026-02-19 02:30:30,828 INFO Sent placeholder audio to client 5cb75124-0fc2-479f-aab8-17fc06a375b0
2026-02-19 02:30:31,043 INFO Message received from client 5cb75124-0fc2-479f-aab8-17fc06a375b0: {"client_id": "5cb75124-0fc2-479f-aab8-17fc06a375b0", "text": "h"}
2026-02-19 02:30:31,043 INFO Sent placeholder audio to client 5cb75124-0fc2-479f-aab8-17fc06a375b0
2026-02-19 02:30:31,206 INFO Message received from client 5cb75124-0fc2-479f-aab8-17fc06a375b0: {"client_id": "5cb75124-0fc2-479f-aab8-17fc06a375b0", "text": "h"}
2026-02-19 02:30:31,206 INFO Sent placeholder audio to client 5cb75124-0fc2-479f-aab8-17fc06a375b0
2026-02-19 02:30:31,367 INFO Message received from client 5cb75124-0fc2-479f-aab8-17fc06a375b0: {"client_id": "5cb75124-0fc2-479f-aab8-17fc06a375b0", "text": "h"}
2026-02-19 02:30:31,368 INFO Sent placeholder audio to client 5cb75124-0fc2-479f-aab8-17fc06a375b0
2026-02-19 02:30:31,696 INFO Message received from client 5cb75124-0fc2-479f-aab8-17fc06a375b0: {"client_id": "5cb75124-0fc2-479f-aab8-17fc06a375b0", "text": "h"}
2026-02-19 02:30:31,696 WARNING Rate limit exceeded for client: 5cb75124-0fc2-479f-aab8-17fc06a375b0
2026-02-19 02:30:31,888 INFO Message received from client 5cb75124-0fc2-479f-aab8-17fc06a375b0: {"client_id": "5cb75124-0fc2-479f-aab8-17fc06a375b0", "text": "h"}
2026-02-19 02:30:31,888 WARNING Rate limit exceeded for client: 5cb75124-0fc2-479f-aab8-17fc06a375b0
2026-02-19 02:30:32,060 INFO Message received from client 5cb75124-0fc2-479f-aab8-17fc06a375b0: {"client_id": "5cb75124-0fc2-479f-aab8-17fc06a375b0", "text": "h"}
2026-02-19 02:30:32,061 WARNING Rate limit exceeded for client: 5cb75124-0fc2-479f-aab8-17fc06a375b0
2026-02-19 02:30:32,237 INFO Message received from client 5cb75124-0fc2-479f-aab8-17fc06a375b0: {"client_id": "5cb75124-0fc2-479f-aab8-17fc06a375b0", "text": "h"}
2026-02-19 02:30:32,238 WARNING Rate limit exceeded for client: 5cb75124-0fc2-479f-aab8-17fc06a375b0
2026-02-19 02:30:32,422 INFO Message received from client 5cb75124-0fc2-479f-aab8-17fc06a375b0: {"client_id": "5cb75124-0fc2-479f-aab8-17fc06a375b0", "text": "h"}
2026-02-19 02:30:32,422 WARNING Rate limit exceeded for client: 5cb75124-0fc2-479f-aab8-17fc06a375b0
2026-02-19 02:30:32,609 INFO Message received from client 5cb75124-0fc2-479f-aab8-17fc06a375b0: {"client_id": "5cb75124-0fc2-479f-aab8-17fc06a375b0", "text": "h"}
2026-02-19 02:30:32,609 WARNING Rate limit exceeded for client: 5cb75124-0fc2-479f-aab8-17fc06a375b0
2026-02-19 02:30:33,451 INFO Message received from client 5cb75124-0fc2-479f-aab8-17fc06a375b0: {"client_id": "5cb75124-0fc2-479f-aab8-17fc06a375b0", "text": "h"}
2026-02-19 02:30:33,452 WARNING Rate limit exceeded for client: 5cb75124-0fc2-479f-aab8-17fc06a375b0
2026-02-19 02:30:38,293 INFO Message received from client 818e3504-0219-46f7-8948-5617db4a1314: {"client_id": "818e3504-0219-46f7-8948-5617db4a1314", "text": "h"}
2026-02-19 02:30:38,293 WARNING Rate limit exceeded for client: 818e3504-0219-46f7-8948-5617db4a1314
2026-02-19 02:30:39,308 INFO Message received from client 818e3504-0219-46f7-8948-5617db4a1314: {"client_id": "818e3504-0219-46f7-8948-5617db4a1314", "text": "h"}
2026-02-19 02:30:39,308 WARNING Rate limit exceeded for client: 818e3504-0219-46f7-8948-5617db4a1314
2026-02-19 02:31:23,123 INFO Client disconnected: 5cb75124-0fc2-479f-aab8-17fc06a375b0
2026-02-19 02:31:24,345 INFO Client disconnected: 818e3504-0219-46f7-8948-5617db4a1314
2026-02-19 02:31:44,441 INFO connection open
2026-02-19 02:32:34,449 INFO Client disconnected: None
2026-02-19 02:34:09,642 INFO connection open
2026-02-19 02:34:16,871 INFO Message received from client 818e3504-0219-46f7-8948-5617db4a1314: {"client_id": "818e3504-0219-46f7-8948-5617db4a1314", "text": "hi"}
2026-02-19 02:34:16,871 INFO Sent placeholder audio to client 818e3504-0219-46f7-8948-5617db4a1314
2026-02-19 02:34:20,832 INFO connection open
2026-02-19 02:34:37,244 INFO Message received from client 5cb75124-0fc2-479f-aab8-17fc06a375b0: {"client_id": "5cb75124-0fc2-479f-aab8-17fc06a375b0", "text": "hi"}
2026-02-19 02:34:37,245 INFO Sent placeholder audio to client 5cb75124-0fc2-479f-aab8-17fc06a375b0
2026-02-19 02:34:38,147 INFO Message received from client 5cb75124-0fc2-479f-aab8-17fc06a375b0: {"client_id": "5cb75124-0fc2-479f-aab8-17fc06a375b0", "text": "hi"}
2026-02-19 02:34:38,147 INFO Sent placeholder audio to client 5cb75124-0fc2-479f-aab8-17fc06a375b0
2026-02-19 02:34:41,030 INFO Message received from client 818e3504-0219-46f7-8948-5617db4a1314: {"client_id": "818e3504-0219-46f7-8948-5617db4a1314", "text": "hi"}
2026-02-19 02:34:41,030 INFO Sent placeholder audio to client 818e3504-0219-46f7-8948-5617db4a1314
2026-02-19 02:35:10,837 INFO Client disconnected: 5cb75124-0fc2-479f-aab8-17fc06a375b0
2026-02-19 02:35:19,651 INFO Client disconnected: 818e3504-0219-46f7-8948-5617db4a1314
